[1m[  0% 1/307] //hardware/interfaces/audio/aidl/vts:VtsHalAudioCoreTargetTest clan[0m[K[1;18r[19;1H    0:01 [0m//hardware/interfaces/audio/aidl/vts:VtsHalAudioCoreTargetTest clang++ [K[20;1H[K[21;1H[K[22;1H[K[23;1H[K[24;1H[K[18;1H[1;18r[19;1H    0:02 [0m//hardware/interfaces/audio/aidl/vts:VtsHalAudioCoreTargetTest clang++ [K[20;1H[K[21;1H[K[22;1H[K[23;1H[K[24;1H[K[18;1H[1;18r[19;1H    0:03 [0m//hardware/interfaces/audio/aidl/vts:VtsHalAudioCoreTargetTest clang++ [K[20;1H[K[21;1H[K[22;1H[K[23;1H[K[24;1H[K[18;1H[1;18r[19;1H    0:04 [0m//hardware/interfaces/audio/aidl/vts:VtsHalAudioCoreTargetTest clang++ [K[20;1H[K[21;1H[K[22;1H[K[23;1H[K[24;1H[K[18;1H[1;18r[19;1H    0:05 [0m//hardware/interfaces/audio/aidl/vts:VtsHalAudioCoreTargetTest clang++ [K[20;1H[K[21;1H[K[22;1H[K[23;1H[K[24;1H[K[18;1H[1;18r[19;1H    0:06 [0m//hardware/interfaces/audio/aidl/vts:VtsHalAudioCoreTargetTest clang++ [K[20;1H[K[21;1H[K[22;1H[K[23;1H[K[24;1H[K[18;1H[1m[  0% 2/307] //hardware/interfaces/audio/aidl/vts:VtsHalAudioCoreTargetTest clan[0m[K
stdout:
[1mhardware/interfaces/audio/aidl/vts/VtsHalAudioCoreModuleTargetTest.cpp:859:47: [0m[0;1;35mwarning: [0m[1m'mmap' is deprecated: Since V4, the client uses 'IStreamCommon.createMmapBuffer' to obtain the MMap shared buffer. The value returned from 'IModule.open{Input|Output}Stream' is not used. Note that since it is not allowed to pass an invalid file descriptor in a parcel, the HAL implementation must still provide some valid file descriptor in this parcelable when opening a stream. However, the returned file descriptor is not used by the client. Instead, the client calls 'IStreamCommon.createMmapBuffer' to obtain the actual shared buffer. [-Wdeprecated-declarations][0m
  859 |         [0;34mif[0m (descriptor.audio.getTag() == Tag::mmap) {[0m
      | [0;1;32m                                              ^
[0m[1mout/soong/.intermediates/hardware/interfaces/audio/aidl/android.hardware.audio.core-V4-ndk-source/gen/include/aidl/android/hardware/audio/core/StreamDescriptor.h:341:27: [0m[0;1;36mnote: [0m'mmap' has been explicitly marked deprecated here[0m
  341 |       mmap [0;34m__attribute__[0m((deprecated([0;32m"Since V4, the client uses 'IStreamCommon.createMmapBuffer' to obtain the MMap shared buffer. The value returned from 'IModule.open{Input|Output}Stream' is not used. Note that since it is not allowed to pass an invalid file descriptor in a parcel, the HAL implementation must still provide some valid file descriptor in this parcelable when opening a stream. However, the returned file descriptor is not used by the client. Instead, the client calls 'IStreamCommon.createMmapBuffer' to obtain the actual shared buffer."[0m))) = [0;32m1[0m,[0m
      | [0;1;32m                          ^
[0m[1mhardware/interfaces/audio/aidl/vts/VtsHalAudioCoreModuleTargetTest.cpp:860:46: [0m[0;1;35mwarning: [0m[1m'mmap' is deprecated: Since V4, the client uses 'IStreamCommon.createMmapBuffer' to obtain the MMap shared buffer. The value returned from 'IModule.open{Input|Output}Stream' is not used. Note that since it is not allowed to pass an invalid file descriptor in a parcel, the HAL implementation must still provide some valid file descriptor in this parcelable when opening a stream. However, the returned file descriptor is not used by the client. Instead, the client calls 'IStreamCommon.createMmapBuffer' to obtain the actual shared buffer. [-Wdeprecated-declarations][0m
  860 |             [0;34mreturn[0m descriptor.audio.get<Tag::mmap>().burstSizeFrames;[0m
      | [0;1;32m                                             ^
[0m[1mout/soong/.intermediates/hardware/interfaces/audio/aidl/android.hardware.audio.core-V4-ndk-source/gen/include/aidl/android/hardware/audio/core/StreamDescriptor.h:341:27: [0m[0;1;36mnote: [0m'mmap' has been explicitly marked deprecated here[0m
  341 |       mmap [0;34m__attribute__[0m((deprecated([0;32m"Since V4, the client uses 'IStreamCommon.createMmapBuffer' to obtain the MMap shared buffer. The value returned from 'IModule.open{Input|Output}Stream' is not used. Note that since it is not allowed to pass an invalid file descriptor in a parcel, the HAL implementation must still provide some valid file descriptor in this parcelable when opening a stream. However, the returned file descriptor is not used by the client. Instead, the client calls 'IStreamCommon.createMmapBuffer' to obtain the actual shared buffer."[0m))) = [0;32m1[0m,[0m
      | [0;1;32m                          ^
[0m[1mhardware/interfaces/audio/aidl/vts/VtsHalAudioCoreModuleTargetTest.cpp:866:50: [0m[0;1;35mwarning: [0m[1m'mmap' is deprecated: Since V4, the client uses 'IStreamCommon.createMmapBuffer' to obtain the MMap shared buffer. The value returned from 'IModule.open{Input|Output}Stream' is not used. Note that since it is not allowed to pass an invalid file descriptor in a parcel, the HAL implementation must still provide some valid file descriptor in this parcelable when opening a stream. However, the returned file descriptor is not used by the client. Instead, the client calls 'IStreamCommon.createMmapBuffer' to obtain the actual shared buffer. [-Wdeprecated-declarations][0m
  866 |         [0;34mreturn[0m descriptor.audio.getTag() == Tag::mmap;[0m
      | [0;1;32m                                                 ^
[0m[1mout/soong/.intermediates/hardware/interfaces/audio/aidl/android.hardware.audio.core-V4-ndk-source/gen/include/aidl/android/hardware/audio/core/StreamDescriptor.h:341:27: [0m[0;1;36mnote: [0m'mmap' has been explicitly marked deprecated here[0m
  341 |       mmap [0;34m__attribute__[0m((deprecated([0;32m"Since V4, the client uses 'IStreamCommon.createMmapBuffer' to obtain the MMap shared buffer. The value returned from 'IModule.open{Input|Output}Stream' is not used. Note that since it is not allowed to pass an invalid file descriptor in a parcel, the HAL implementation must still provide some valid file descriptor in this parcelable when opening a stream. However, the returned file descriptor is not used by the client. Instead, the client calls 'IStreamCommon.createMmapBuffer' to obtain the actual shared buffer."[0m))) = [0;32m1[0m,[0m
      | [0;1;32m                          ^
[0m[1mhardware/interfaces/audio/aidl/vts/VtsHalAudioCoreModuleTargetTest.cpp:870:47: [0m[0;1;35mwarning: [0m[1m'mmap' is deprecated: Since V4, the client uses 'IStreamCommon.createMmapBuffer' to obtain the MMap shared buffer. The value returned from 'IModule.open{Input|Output}Stream' is not used. Note that since it is not allowed to pass an invalid file descriptor in a parcel, the HAL implementation must still provide some valid file descriptor in this parcelable when opening a stream. However, the returned file descriptor is not used by the client. Instead, the client calls 'IStreamCommon.createMmapBuffer' to obtain the actual shared buffer. [-Wdeprecated-declarations][0m
  870 |         [0;34mif[0m (descriptor.audio.getTag() == Tag::mmap) {[0m
      | [0;1;32m                                              ^
[0m[1mout/soong/.intermediates/hardware/interfaces/audio/aidl/android.hardware.audio.core-V4-ndk-source/gen/include/aidl/android/hardware/audio/core/StreamDescriptor.h:341:27: [0m[0;1;36mnote: [0m'mmap' has been explicitly marked deprecated here[0m
  341 |       mmap [0;34m__attribute__[0m((deprecated([0;32m"Since V4, the client uses 'IStreamCommon.createMmapBuffer' to obtain the MMap shared buffer. The value returned from 'IModule.open{Input|Output}Stream' is not used. Note that since it is not allowed to pass an invalid file descriptor in a parcel, the HAL implementation must still provide some valid file descriptor in this parcelable when opening a stream. However, the returned file descriptor is not used by the client. Instead, the client calls 'IStreamCommon.createMmapBuffer' to obtain the actual shared buffer."[0m))) = [0;32m1[0m,[0m
      | [0;1;32m                          ^
[0m[1mhardware/interfaces/audio/aidl/vts/VtsHalAudioCoreModuleTargetTest.cpp:871:46: [0m[0;1;35mwarning: [0m[1m'mmap' is deprecated: Since V4, the client uses 'IStreamCommon.createMmapBuffer' to obtain the MMap shared buffer. The value returned from 'IModule.open{Input|Output}Stream' is not used. Note that since it is not allowed to pass an invalid file descriptor in a parcel, the HAL implementation must still provide some valid file descriptor in this parcelable when opening a stream. However, the returned file descriptor is not used by the client. Instead, the client calls 'IStreamCommon.createMmapBuffer' to obtain the actual shared buffer. [-Wdeprecated-declarations][0m
  871 |             [0;34mreturn[0m descriptor.audio.get<Tag::mmap>().sharedMemory.fd.get();[0m
      | [0;1;32m                                             ^
[0m[1mout/soong/.intermediates/hardware/interfaces/audio/aidl/android.hardware.audio.core-V4-ndk-source/gen/include/aidl/android/hardware/audio/core/StreamDescriptor.h:341:27: [0m[0;1;36mnote: [0m'mmap' has been explicitly marked deprecated here[0m
  341 |       mmap [0;34m__attribute__[0m((deprecated([0;32m"Since V4, the client uses 'IStreamCommon.createMmapBuffer' to obtain the MMap shared buffer. The value returned from 'IModule.open{Input|Output}Stream' is not used. Note that since it is not allowed to pass an invalid file descriptor in a parcel, the HAL implementation must still provide some valid file descriptor in this parcelable when opening a stream. However, the returned file descriptor is not used by the client. Instead, the client calls 'IStreamCommon.createMmapBuffer' to obtain the actual shared buffer."[0m))) = [0;32m1[0m,[0m
      | [0;1;32m                          ^
[0m[1mhardware/interfaces/audio/aidl/vts/VtsHalAudioCoreModuleTargetTest.cpp:4910:60: [0m[0;1;35mwarning: [0m[1marithmetic between enumeration type 'aidl::android::hardware::audio::core::IStreamIn::(unnamed enum at out/soong/.intermediates/hardware/interfaces/audio/aidl/android.hardware.audio.core-V4-ndk-source/gen/include/aidl/android/hardware/audio/core/IStreamIn.h:57:3)' and floating-point type 'float' is deprecated [-Wdeprecated-enum-float-conversion][0m
 4910 |                  IStreamIn::MIC_FIELD_DIMENSION_WIDE_ANGLE / [0;32m2.0f[0m,[0m
      | [0;1;32m                 ~~~~~~~~~~~~~~~~~~~~~~~~~~~~~~~~~~~~~~~~~ ^ ~~~~
[0m[1mexternal/googletest/googletest/include/gtest/gtest.h:2059:32: [0m[0;1;36mnote: [0mexpanded from macro 'EXPECT_NO_FATAL_FAILURE'[0m
 2059 |   GTEST_TEST_NO_FATAL_FAILURE_(statement, GTEST_NONFATAL_FAILURE_)[0m
      | [0;1;32m                               ^~~~~~~~~
[0m[1mexternal/googletest/googletest/include/gtest/internal/gtest-internal.h:1465:52: [0m[0;1;36mnote: [0mexpanded from macro 'GTEST_TEST_NO_FATAL_FAILURE_'[0m
 1465 |     GTEST_SUPPRESS_UNREACHABLE_CODE_WARNING_BELOW_(statement);      \[0m
      | [0;1;32m                                                   ^~~~~~~~~
[0m[1mexternal/googletest/googletest/include/gtest/internal/gtest-internal.h:1314:5: [0m[0;1;36mnote: [0mexpanded from macro 'GTEST_SUPPRESS_UNREACHABLE_CODE_WARNING_BELOW_'[0m
 1314 |     statement;                                                    \[0m
      | [0;1;32m    ^~~~~~~~~
[0m[1mhardware/interfaces/audio/aidl/vts/VtsHalAudioCoreModuleTargetTest.cpp:4912:58: [0m[0;1;35mwarning: [0m[1marithmetic between enumeration type 'aidl::android::hardware::audio::core::IStreamIn::(unnamed enum at out/soong/.intermediates/hardware/interfaces/audio/aidl/android.hardware.audio.core-V4-ndk-source/gen/include/aidl/android/hardware/audio/core/IStreamIn.h:59:3)' and floating-point type 'float' is deprecated [-Wdeprecated-enum-float-conversion][0m
 4912 |                  IStreamIn::MIC_FIELD_DIMENSION_MAX_ZOOM / [0;32m2.0f[0m,[0m
      | [0;1;32m                 ~~~~~~~~~~~~~~~~~~~~~~~~~~~~~~~~~~~~~~~ ^ ~~~~
[0m[1mexternal/googletest/googletest/include/gtest/gtest.h:2059:32: [0m[0;1;36mnote: [0mexpanded from macro 'EXPECT_NO_FATAL_FAILURE'[0m
 2059 |   GTEST_TEST_NO_FATAL_FAILURE_(statement, GTEST_NONFATAL_FAILURE_)[0m
      | [0;1;32m                               ^~~~~~~~~
[0m[1mexternal/googletest/googletest/include/gtest/internal/gtest-internal.h:1465:52: [0m[0;1;36mnote: [0mexpanded from macro 'GTEST_TEST_NO_FATAL_FAILURE_'[0m
 1465 |     GTEST_SUPPRESS_UNREACHABLE_CODE_WARNING_BELOW_(statement);      \[0m
      | [0;1;32m                                                   ^~~~~~~~~
[0m[1mexternal/googletest/googletest/include/gtest/internal/gtest-internal.h:1314:5: [0m[0;1;36mnote: [0mexpanded from macro 'GTEST_SUPPRESS_UNREACHABLE_CODE_WARNING_BELOW_'[0m
 1314 |     statement;                                                    \[0m
      | [0;1;32m    ^~~~~~~~~
[0m[1mhardware/interfaces/audio/aidl/vts/VtsHalAudioCoreModuleTargetTest.cpp:4916:60: [0m[0;1;35mwarning: [0m[1marithmetic between enumeration type 'aidl::android::hardware::audio::core::IStreamIn::(unnamed enum at out/soong/.intermediates/hardware/interfaces/audio/aidl/android.hardware.audio.core-V4-ndk-source/gen/include/aidl/android/hardware/audio/core/IStreamIn.h:57:3)' and floating-point type 'float' is deprecated [-Wdeprecated-enum-float-conversion][0m
 4916 |                  IStreamIn::MIC_FIELD_DIMENSION_WIDE_ANGLE * [0;32m1.1f[0m,[0m
      | [0;1;32m                 ~~~~~~~~~~~~~~~~~~~~~~~~~~~~~~~~~~~~~~~~~ ^ ~~~~
[0m[1mexternal/googletest/googletest/include/gtest/gtest.h:2059:32: [0m[0;1;36mnote: [0mexpanded from macro 'EXPECT_NO_FATAL_FAILURE'[0m
 2059 |   GTEST_TEST_NO_FATAL_FAILURE_(statement, GTEST_NONFATAL_FAILURE_)[0m
      | [0;1;32m                               ^~~~~~~~~
[0m[1mexternal/googletest/googletest/include/gtest/internal/gtest-internal.h:1465:52: [0m[0;1;36mnote: [0mexpanded from macro 'GTEST_TEST_NO_FATAL_FAILURE_'[0m
 1465 |     GTEST_SUPPRESS_UNREACHABLE_CODE_WARNING_BELOW_(statement);      \[0m
      | [0;1;32m                                                   ^~~~~~~~~
[0m[1mexternal/googletest/googletest/include/gtest/internal/gtest-internal.h:1314:5: [0m[0;1;36mnote: [0mexpanded from macro 'GTEST_SUPPRESS_UNREACHABLE_CODE_WARNING_BELOW_'[0m
 1314 |     statement;                                                    \[0m
      | [0;1;32m    ^~~~~~~~~
[0m[1mhardware/interfaces/audio/aidl/vts/VtsHalAudioCoreModuleTargetTest.cpp:4917:58: [0m[0;1;35mwarning: [0m[1marithmetic between enumeration type 'aidl::android::hardware::audio::core::IStreamIn::(unnamed enum at out/soong/.intermediates/hardware/interfaces/audio/aidl/android.hardware.audio.core-V4-ndk-source/gen/include/aidl/android/hardware/audio/core/IStreamIn.h:59:3)' and floating-point type 'float' is deprecated [-Wdeprecated-enum-float-conversion][0m
 4917 |                  IStreamIn::MIC_FIELD_DIMENSION_MAX_ZOOM * [0;32m1.1f[0m, -INFINITY, INFINITY, -NAN, NAN},[0m
      | [0;1;32m                 ~~~~~~~~~~~~~~~~~~~~~~~~~~~~~~~~~~~~~~~ ^ ~~~~
[0m[1mexternal/googletest/googletest/include/gtest/gtest.h:2059:32: [0m[0;1;36mnote: [0mexpanded from macro 'EXPECT_NO_FATAL_FAILURE'[0m
 2059 |   GTEST_TEST_NO_FATAL_FAILURE_(statement, GTEST_NONFATAL_FAILURE_)[0m
      | [0;1;32m                               ^~~~~~~~~
[0m[1mexternal/googletest/googletest/include/gtest/internal/gtest-internal.h:1465:52: [0m[0;1;36mnote: [0mexpanded from macro 'GTEST_TEST_NO_FATAL_FAILURE_'[0m
 1465 |     GTEST_SUPPRESS_UNREACHABLE_CODE_WARNING_BELOW_(statement);      \[0m
      | [0;1;32m                                                   ^~~~~~~~~
[0m[1mexternal/googletest/googletest/include/gtest/internal/gtest-internal.h:1314:5: [0m[0;1;36mnote: [0mexpanded from macro 'GTEST_SUPPRESS_UNREACHABLE_CODE_WARNING_BELOW_'[0m
 1314 |     statement;                                                    \[0m
      | [0;1;32m    ^~~~~~~~~
[0m[1mhardware/interfaces/audio/aidl/vts/VtsHalAudioCoreModuleTargetTest.cpp:5332:83: [0m[0;1;35mwarning: [0m[1marithmetic between enumeration type 'aidl::android::hardware::audio::core::IStreamOut::(unnamed enum at out/soong/.intermediates/hardware/interfaces/audio/aidl/android.hardware.audio.core-V4-ndk-source/gen/include/aidl/android/hardware/audio/core/IStreamOut.h:53:3)' and floating-point type 'float' is deprecated [-Wdeprecated-enum-float-conversion][0m
 5332 |                                       IStreamOut::AUDIO_DESCRIPTION_MIX_LEVEL_MAX * [0;32m1.1f[0m},[0m
      | [0;1;32m                                      ~~~~~~~~~~~~~~~~~~~~~~~~~~~~~~~~~~~~~~~~~~~ ^ ~~~~
[0m[1mexternal/googletest/googletest/include/gtest/gtest.h:2059:32: [0m[0;1;36mnote: [0mexpanded from macro 'EXPECT_NO_FATAL_FAILURE'[0m
 2059 |   GTEST_TEST_NO_FATAL_FAILURE_(statement, GTEST_NONFATAL_FAILURE_)[0m
      | [0;1;32m                               ^~~~~~~~~
[0m[1mexternal/googletest/googletest/include/gtest/internal/gtest-internal.h:1465:52: [0m[0;1;36mnote: [0mexpanded from macro 'GTEST_TEST_NO_FATAL_FAILURE_'[0m
 1465 |     GTEST_SUPPRESS_UNREACHABLE_CODE_WARNING_BELOW_(statement);      \[0m
      | [0;1;32m                                                   ^~~~~~~~~
[0m[1mexternal/googletest/googletest/include/gtest/internal/gtest-internal.h:1314:5: [0m[0;1;36mnote: [0mexpanded from macro 'GTEST_SUPPRESS_UNREACHABLE_CODE_WARNING_BELOW_'[0m
 1314 |     statement;                                                    \[0m
      | [0;1;32m    ^~~~~~~~~
[0m[1mhardware/interfaces/audio/aidl/vts/VtsHalAudioCoreModuleTargetTest.cpp:5640:32: [0m[0;1;35mwarning: [0m[1mconditional expression between enumeration type 'aidl::android::hardware::audio::core::IStreamOut::(unnamed enum at out/soong/.intermediates/hardware/interfaces/audio/aidl/android.hardware.audio.core-V4-ndk-source/gen/include/aidl/android/hardware/audio/core/IStreamOut.h:52:3)' and floating-point type 'float' is deprecated [-Wdeprecated-enum-float-conversion][0m
 5640 |             [0;34mreturn[0m (v == [0;32m0.0f[0m) ? IStreamOut::HW_VOLUME_MAX : v * [0;32m0.5f[0m;[0m
      | [0;1;32m                               ^ ~~~~~~~~~~~~~~~~~~~~~~~~~   ~~~~~~~~
[0mIn file included from hardware/interfaces/audio/aidl/vts/VtsHalAudioCoreModuleTargetTest.cpp:39:
In file included from system/libvintf/libaidlvintf_test_helper/include/aidl/Gtest.h:18:
[1mexternal/googletest/googletest/include/gtest/gtest.h:1394:11: [0m[0;1;35mwarning: [0m[1mcomparison of floating-point type 'float' with enumeration type 'aidl::android::hardware::audio::core::sounddose::ISoundDose::(unnamed enum at out/soong/.intermediates/hardware/interfaces/audio/aidl/android.hardware.audio.core.sounddose-V4-ndk-source/gen/include/aidl/android/hardware/audio/core/sounddose/ISoundDose.h:138:3)' is deprecated [-Wdeprecated-enum-float-conversion][0m
 1394 |   [0;34mif[0m (lhs == rhs) {[0m
      | [0;1;32m      ~~~ ^  ~~~
[0m[1mexternal/googletest/googletest/include/gtest/gtest.h:1413:12: [0m[0;1;36mnote: [0min instantiation of function template specialization 'testing::internal::CmpHelperEQ<float, aidl::android::hardware::audio::core::sounddose::ISoundDose::(unnamed enum at out/soong/.intermediates/hardware/interfaces/audio/aidl/android.hardware.audio.core.sounddose-V4-ndk-source/gen/include/aidl/android/hardware/audio/core/sounddose/ISoundDose.h:138:3)>' requested here[0m
 1413 |     [0;34mreturn[0m CmpHelperEQ(lhs_expression, rhs_expression, lhs, rhs);[0m
      | [0;1;32m           ^
[0m[1mhardware/interfaces/audio/aidl/vts/VtsHalAudioCoreModuleTargetTest.cpp:6305:5: [0m[0;1;36mnote: [0min instantiation of function template specialization 'testing::internal::EqHelper::Compare<float, aidl::android::hardware::audio::core::sounddose::ISoundDose::(unnamed enum at out/soong/.intermediates/hardware/interfaces/audio/aidl/android.hardware.audio.core.sounddose-V4-ndk-source/gen/include/aidl/android/hardware/audio/core/sounddose/ISoundDose.h:138:3), nullptr>' requested here[0m
 6305 |     EXPECT_EQ(rs2Value, ISoundDose::DEFAULT_MAX_RS2);[0m
      | [0;1;32m    ^
[0m[1mexternal/googletest/googletest/include/gtest/gtest.h:1885:54: [0m[0;1;36mnote: [0mexpanded from macro 'EXPECT_EQ'[0m
 1885 |   EXPECT_PRED_FORMAT2(::testing::internal::EqHelper::Compare, val1, val2)[0m
      | [0;1;32m                                                     ^
[0m[1mexternal/googletest/googletest/include/gtest/gtest_pred_impl.h:144:23: [0m[0;1;36mnote: [0mexpanded from macro 'EXPECT_PRED_FORMAT2'[0m
  144 |   GTEST_PRED_FORMAT2_(pred_format, v1, v2, GTEST_NONFATAL_FAILURE_)[0m
      | [0;1;32m                      ^
[0m[1mexternal/googletest/googletest/include/gtest/gtest_pred_impl.h:134:17: [0m[0;1;36mnote: [0mexpanded from macro 'GTEST_PRED_FORMAT2_'[0m
  134 |   GTEST_ASSERT_(pred_format(#v1, #v2, v1, v2), on_failure)[0m
      | [0;1;32m                ^
[0m[1mexternal/googletest/googletest/include/gtest/gtest_pred_impl.h:79:52: [0m[0;1;36mnote: [0mexpanded from macro 'GTEST_ASSERT_'[0m
   79 |   [0;34mif[0m ([0;34mconst[0m ::testing::AssertionResult gtest_ar = (expression)) \[0m
      | [0;1;32m                                                   ^
[0m12 warnings generated.
